[0.009s] Invoking command in '/home/jade/ros2_ws/build/perception_pkg': CMAKE_PREFIX_PATH=/opt/ros/humble /usr/bin/cmake /home/jade/ros2_ws/src/perception_pkg -DCMAKE_INSTALL_PREFIX=/home/jade/ros2_ws/install/perception_pkg
[0.120s] -- The C compiler identification is GNU 11.4.0
[0.234s] -- The CXX compiler identification is GNU 11.4.0
[0.252s] -- Detecting C compiler ABI info
[0.330s] -- Detecting C compiler ABI info - done
[0.339s] -- Check for working C compiler: /usr/bin/cc - skipped
[0.340s] -- Detecting C compile features
[0.340s] -- Detecting C compile features - done
[0.344s] -- Detecting CXX compiler ABI info
[0.439s] -- Detecting CXX compiler ABI info - done
[0.457s] -- Check for working CXX compiler: /usr/bin/c++ - skipped
[0.457s] -- Detecting CXX compile features
[0.457s] -- Detecting CXX compile features - done
[0.464s] -- Found ament_cmake: 1.3.12 (/opt/ros/humble/share/ament_cmake/cmake)
[0.651s] -- Found Python3: /usr/bin/python3 (found version "3.10.12") found components: Interpreter 
[0.766s] -- Found rclcpp: 16.0.15 (/opt/ros/humble/share/rclcpp/cmake)
[0.823s] -- Found rosidl_generator_c: 3.1.7 (/opt/ros/humble/share/rosidl_generator_c/cmake)
[0.830s] -- Found rosidl_adapter: 3.1.7 (/opt/ros/humble/share/rosidl_adapter/cmake)
[0.843s] -- Found rosidl_generator_cpp: 3.1.7 (/opt/ros/humble/share/rosidl_generator_cpp/cmake)
[0.862s] -- Using all available rosidl_typesupport_c: rosidl_typesupport_fastrtps_c;rosidl_typesupport_introspection_c
[0.885s] -- Using all available rosidl_typesupport_cpp: rosidl_typesupport_fastrtps_cpp;rosidl_typesupport_introspection_cpp
[0.946s] -- Found rmw_implementation_cmake: 6.1.2 (/opt/ros/humble/share/rmw_implementation_cmake/cmake)
[0.950s] -- Found rmw_fastrtps_cpp: 6.2.8 (/opt/ros/humble/share/rmw_fastrtps_cpp/cmake)
[1.053s] -- Found OpenSSL: /usr/lib/x86_64-linux-gnu/libcrypto.so (found version "3.0.2")  
[1.077s] -- Found FastRTPS: /opt/ros/humble/include  
[1.117s] -- Using RMW implementation 'rmw_fastrtps_cpp' as default
[1.128s] -- Looking for pthread.h
[1.215s] -- Looking for pthread.h - found
[1.215s] -- Performing Test CMAKE_HAVE_LIBC_PTHREAD
[1.305s] -- Performing Test CMAKE_HAVE_LIBC_PTHREAD - Success
[1.306s] -- Found Threads: TRUE  
[1.391s] -- Found sensor_msgs: 4.9.0 (/opt/ros/humble/share/sensor_msgs/cmake)
[1.437s] -- Found ament_lint_auto: 0.12.14 (/opt/ros/humble/share/ament_lint_auto/cmake)
[1.529s] -- Added test 'cppcheck' to perform static code analysis on C / C++ code
[1.529s] -- Configured cppcheck include dirs: 
[1.529s] -- Configured cppcheck exclude dirs and/or files: 
[1.529s] -- Added test 'flake8' to check Python code syntax and style conventions
[1.530s] -- Added test 'lint_cmake' to check CMake code style
[1.531s] -- Added test 'pep257' to check Python code against some of the docstring style conventions in PEP 257
[1.533s] -- Added test 'uncrustify' to check C / C++ code style
[1.533s] -- Configured uncrustify additional arguments: 
[1.534s] -- Added test 'xmllint' to check XML markup files
[1.536s] -- Configuring done
[1.545s] -- Generating done
[1.549s] -- Build files have been written to: /home/jade/ros2_ws/build/perception_pkg
[1.558s] Invoked command in '/home/jade/ros2_ws/build/perception_pkg' returned '0': CMAKE_PREFIX_PATH=/opt/ros/humble /usr/bin/cmake /home/jade/ros2_ws/src/perception_pkg -DCMAKE_INSTALL_PREFIX=/home/jade/ros2_ws/install/perception_pkg
[1.561s] Invoking command in '/home/jade/ros2_ws/build/perception_pkg': CMAKE_PREFIX_PATH=/opt/ros/humble /usr/bin/cmake --build /home/jade/ros2_ws/build/perception_pkg -- -j8 -l8
[1.619s] [ 50%] [32mBuilding CXX object CMakeFiles/apple_detector_node.dir/src/apple_detector_node.cpp.o[0m
[10.943s] [100%] [32m[1mLinking CXX executable apple_detector_node[0m
[11.379s] [100%] Built target apple_detector_node
[11.393s] Invoked command in '/home/jade/ros2_ws/build/perception_pkg' returned '0': CMAKE_PREFIX_PATH=/opt/ros/humble /usr/bin/cmake --build /home/jade/ros2_ws/build/perception_pkg -- -j8 -l8
[11.406s] Invoking command in '/home/jade/ros2_ws/build/perception_pkg': CMAKE_PREFIX_PATH=/opt/ros/humble /usr/bin/cmake --install /home/jade/ros2_ws/build/perception_pkg
[11.414s] -- Install configuration: ""
[11.414s] -- Installing: /home/jade/ros2_ws/install/perception_pkg/lib/perception_pkg/apple_detector_node
[11.418s] -- Set runtime path of "/home/jade/ros2_ws/install/perception_pkg/lib/perception_pkg/apple_detector_node" to ""
[11.419s] -- Installing: /home/jade/ros2_ws/install/perception_pkg/share/ament_index/resource_index/package_run_dependencies/perception_pkg
[11.419s] -- Installing: /home/jade/ros2_ws/install/perception_pkg/share/ament_index/resource_index/parent_prefix_path/perception_pkg
[11.419s] -- Installing: /home/jade/ros2_ws/install/perception_pkg/share/perception_pkg/environment/ament_prefix_path.sh
[11.419s] -- Installing: /home/jade/ros2_ws/install/perception_pkg/share/perception_pkg/environment/ament_prefix_path.dsv
[11.419s] -- Installing: /home/jade/ros2_ws/install/perception_pkg/share/perception_pkg/environment/path.sh
[11.419s] -- Installing: /home/jade/ros2_ws/install/perception_pkg/share/perception_pkg/environment/path.dsv
[11.420s] -- Installing: /home/jade/ros2_ws/install/perception_pkg/share/perception_pkg/local_setup.bash
[11.420s] -- Installing: /home/jade/ros2_ws/install/perception_pkg/share/perception_pkg/local_setup.sh
[11.420s] -- Installing: /home/jade/ros2_ws/install/perception_pkg/share/perception_pkg/local_setup.zsh
[11.420s] -- Installing: /home/jade/ros2_ws/install/perception_pkg/share/perception_pkg/local_setup.dsv
[11.420s] -- Installing: /home/jade/ros2_ws/install/perception_pkg/share/perception_pkg/package.dsv
[11.420s] -- Installing: /home/jade/ros2_ws/install/perception_pkg/share/ament_index/resource_index/packages/perception_pkg
[11.421s] -- Installing: /home/jade/ros2_ws/install/perception_pkg/share/perception_pkg/cmake/perception_pkgConfig.cmake
[11.421s] -- Installing: /home/jade/ros2_ws/install/perception_pkg/share/perception_pkg/cmake/perception_pkgConfig-version.cmake
[11.421s] -- Installing: /home/jade/ros2_ws/install/perception_pkg/share/perception_pkg/package.xml
[11.423s] Invoked command in '/home/jade/ros2_ws/build/perception_pkg' returned '0': CMAKE_PREFIX_PATH=/opt/ros/humble /usr/bin/cmake --install /home/jade/ros2_ws/build/perception_pkg
